// Vitest Snapshot v1, https://vitest.dev/guide/snapshot.html

exports[`CoverageGatherer > _handleRequests should transform JS files 1`] = `
[
  [
    "Fetch.getResponseBody",
    {
      "requestId": "123",
    },
  ],
  [
    "Fetch.fulfillRequest",
    {
      "body": "dHJhbnNwaWxlZCBjb2Rl",
      "requestId": "123",
      "responseCode": 444,
    },
  ],
]
`;

exports[`CoverageGatherer > _handleRequests should transform if file is not part of exclude 1`] = `
[
  [
    "Fetch.getResponseBody",
    {
      "requestId": "123",
    },
  ],
  [
    "Fetch.fulfillRequest",
    {
      "body": "dHJhbnNwaWxlZCBjb2Rl",
      "requestId": "123",
      "responseCode": 444,
    },
  ],
]
`;
